23:11:03 **** Incremental Build of configuration Debug for project loksys_tag ****
make all 
Building file: /home/valdo/Documents/nrf51/loksys_core/xxtea.c
Invoking: Cross ARM C Compiler
arm-none-eabi-gcc -mcpu=cortex-m0 -mthumb -mfloat-abi=soft -mabi=aapcs -O0 -fmessage-length=0 -Werror  -g3 -DNRF51 -DBOARD_PCA10000 -DNRF51822_QFAA_CA -DDEBUG -I/opt/nrf51_sdk/nrf51822/Include -I/opt/nrf51_sdk/nrf51822/Include/gcc -I/home/valdo/Documents/nrf51/loksys_core -std=gnu99 -MMD -MP -MF"core/xxtea.d" -MT"core/xxtea.o" -c -o "core/xxtea.o" "/home/valdo/Documents/nrf51/loksys_core/xxtea.c"
Finished building: /home/valdo/Documents/nrf51/loksys_core/xxtea.c
 
Building target: loksys_tag.elf
Invoking: Cross ARM C Linker
arm-none-eabi-gcc -mcpu=cortex-m0 -mthumb -mfloat-abi=soft -mabi=aapcs -O0 -fmessage-length=0 -Werror  -g3 -T mem.ld -T sections.ld -L"../ldscripts" -Wl,-Map,"loksys_tag.map" -o "loksys_tag.elf"  ./src/gcc_startup_nrf51.o ./src/main.o ./src/radio.o ./src/system_nrf51.o  ./nrf_delay/nrf_delay.o  ./core/crc16.o ./core/crc32.o ./core/crc8.o ./core/uart.o ./core/xxtea.o   
Finished building target: loksys_tag.elf
 
Invoking: Cross ARM GNU Create Flash Image
arm-none-eabi-objcopy -O ihex "loksys_tag.elf"  "loksys_tag.hex"
Finished building: loksys_tag.hex
 
Invoking: Cross ARM GNU Print Size
arm-none-eabi-size --format=berkeley "loksys_tag.elf"
   text	   data	    bss	    dec	    hex	filename
  38808	   3284	    184	  42276	   a524	loksys_tag.elf
Finished building: loksys_tag.siz
 
