20:12:37 **** Build of configuration Release for project radio_example ****
make all 
Building file: ../src/gcc_startup_nrf51.S
Invoking: Cross ARM GNU Assembler
arm-none-eabi-gcc -mcpu=cortex-m0 -mthumb -mfloat-abi=soft -mabi=aapcs -Os -fmessage-length=0 -Werror  -g -x assembler-with-cpp -DNRF51 -DBOARD_PCA10000 -DNRF51822_QFAA_CA -DNDEBUG -I/opt/nrf51_sdk/nrf51822/Include -I/opt/nrf51_sdk/nrf51822/Include/gcc -MMD -MP -MF"src/gcc_startup_nrf51.d" -MT"src/gcc_startup_nrf51.o" -c -o "src/gcc_startup_nrf51.o" "../src/gcc_startup_nrf51.S"
Finished building: ../src/gcc_startup_nrf51.S
 
Building file: ../src/main.c
Invoking: Cross ARM C Compiler
arm-none-eabi-gcc -mcpu=cortex-m0 -mthumb -mfloat-abi=soft -mabi=aapcs -Os -fmessage-length=0 -Werror  -g -DNRF51 -DBOARD_PCA10000 -DNRF51822_QFAA_CA -DNDEBUG -I/opt/nrf51_sdk/nrf51822/Include -I/opt/nrf51_sdk/nrf51822/Include/gcc -std=gnu99 -MMD -MP -MF"src/main.d" -MT"src/main.o" -c -o "src/main.o" "../src/main.c"
Finished building: ../src/main.c
 
Building file: ../src/radio.c
Invoking: Cross ARM C Compiler
arm-none-eabi-gcc -mcpu=cortex-m0 -mthumb -mfloat-abi=soft -mabi=aapcs -Os -fmessage-length=0 -Werror  -g -DNRF51 -DBOARD_PCA10000 -DNRF51822_QFAA_CA -DNDEBUG -I/opt/nrf51_sdk/nrf51822/Include -I/opt/nrf51_sdk/nrf51822/Include/gcc -std=gnu99 -MMD -MP -MF"src/radio.d" -MT"src/radio.o" -c -o "src/radio.o" "../src/radio.c"
Finished building: ../src/radio.c
 
Building file: ../src/system_nrf51.c
Invoking: Cross ARM C Compiler
arm-none-eabi-gcc -mcpu=cortex-m0 -mthumb -mfloat-abi=soft -mabi=aapcs -Os -fmessage-length=0 -Werror  -g -DNRF51 -DBOARD_PCA10000 -DNRF51822_QFAA_CA -DNDEBUG -I/opt/nrf51_sdk/nrf51822/Include -I/opt/nrf51_sdk/nrf51822/Include/gcc -std=gnu99 -MMD -MP -MF"src/system_nrf51.d" -MT"src/system_nrf51.o" -c -o "src/system_nrf51.o" "../src/system_nrf51.c"
Finished building: ../src/system_nrf51.c
 
Building file: ../src/uart.c
Invoking: Cross ARM C Compiler
arm-none-eabi-gcc -mcpu=cortex-m0 -mthumb -mfloat-abi=soft -mabi=aapcs -Os -fmessage-length=0 -Werror  -g -DNRF51 -DBOARD_PCA10000 -DNRF51822_QFAA_CA -DNDEBUG -I/opt/nrf51_sdk/nrf51822/Include -I/opt/nrf51_sdk/nrf51822/Include/gcc -std=gnu99 -MMD -MP -MF"src/uart.d" -MT"src/uart.o" -c -o "src/uart.o" "../src/uart.c"
Finished building: ../src/uart.c
 
Building file: /opt/nrf51_sdk/nrf51822/Source/nrf_delay/nrf_delay.c
Invoking: Cross ARM C Compiler
arm-none-eabi-gcc -mcpu=cortex-m0 -mthumb -mfloat-abi=soft -mabi=aapcs -Os -fmessage-length=0 -Werror  -g -DNRF51 -DBOARD_PCA10000 -DNRF51822_QFAA_CA -DNDEBUG -I/opt/nrf51_sdk/nrf51822/Include -I/opt/nrf51_sdk/nrf51822/Include/gcc -std=gnu99 -MMD -MP -MF"nrf_delay/nrf_delay.d" -MT"nrf_delay/nrf_delay.o" -c -o "nrf_delay/nrf_delay.o" "/opt/nrf51_sdk/nrf51822/Source/nrf_delay/nrf_delay.c"
Finished building: /opt/nrf51_sdk/nrf51822/Source/nrf_delay/nrf_delay.c
 
Building target: radio_example.elf
Invoking: Cross ARM C Linker
arm-none-eabi-gcc -mcpu=cortex-m0 -mthumb -mfloat-abi=soft -mabi=aapcs -Os -fmessage-length=0 -Werror  -g -T mem.ld -T sections.ld -L"../ldscripts" -Wl,-Map,"radio_example.map" -o "radio_example.elf"  ./src/gcc_startup_nrf51.o ./src/main.o ./src/radio.o ./src/system_nrf51.o ./src/uart.o  ./nrf_delay/nrf_delay.o   
Finished building target: radio_example.elf
 
Invoking: Cross ARM GNU Create Flash Image
arm-none-eabi-objcopy -O ihex "radio_example.elf"  "radio_example.hex"
Finished building: radio_example.hex
 
Invoking: Cross ARM GNU Print Size
arm-none-eabi-size --format=berkeley "radio_example.elf"
   text	   data	    bss	    dec	    hex	filename
  36708	   2260	    124	  39092	   98b4	radio_example.elf
Finished building: radio_example.siz
 

20:12:38 Build Finished (took 578ms)

